// Jest Snapshot v1, https://jestjs.io/docs/snapshot-testing

exports[`bug 282 - with no prefix or suffix 1`] = `
"<?xml version="1.0" encoding="utf-8"?>
<package xmlns="http://schemas.microsoft.com/packaging/2015/06/nuspec.xsd">
  <metadata>
    <id>mirth</id>
    <version>1.2.3</version>
    <packageSourceUrl>https://github.com/flcdrg/au-packages/tree/master/mirth</packageSourceUrl>
    <owners>Release</owners>
  </metadata>
</package>"
`;

exports[`empty prefix 1`] = `"some text replaceemtpyprefix blah blah"`;

exports[`empty prefix and suffix 1`] = `"some text replaceemptyprefixsuffix blah blah"`;

exports[`empty suffix 1`] = `"some text replaceemptysuffix blah blah"`;

exports[`in a link 1`] = `"some [text](https://wayback.org/http://localhost) blah blah"`;

exports[`multiple replacements 1`] = `
"DB_HOST=
DB_USER=FozzieBear
DB_PASSWORD=WockaWocka
"
`;

exports[`not links 1`] = `"some [text]http://localhost) blah blah and this -http://localhost"`;

exports[`space separated 1`] = `"some text https://wayback.org/http://localhost blah blah"`;

exports[`start and end 1`] = `
"https://wayback.org/http://localhost blah 
blah and https://wayback.org/http://localhost"
`;
